"Theodore Y. Ts'o" <tytso@mit.edu> (supporter:FSCRYPT: FILE SYSTEM LEVEL ENCRYPTION SUPPORT)
Jaegeuk Kim <jaegeuk@kernel.org> (supporter:FSCRYPT: FILE SYSTEM LEVEL ENCRYPTION SUPPORT)
Eric Biggers <ebiggers@kernel.org> (supporter:FSCRYPT: FILE SYSTEM LEVEL ENCRYPTION SUPPORT)
linux-fscrypt@vger.kernel.org (open list:FSCRYPT: FILE SYSTEM LEVEL ENCRYPTION SUPPORT)
linux-kernel@vger.kernel.org (open list)
