Valentina Manea <valentina.manea.m@gmail.com> (maintainer:USB OVER IP DRIVER)
Shuah Khan <shuah@kernel.org> (maintainer:USB OVER IP DRIVER)
Greg Kroah-Hartman <gregkh@linuxfoundation.org> (supporter:USB SUBSYSTEM)
linux-usb@vger.kernel.org (open list:USB OVER IP DRIVER)
linux-kernel@vger.kernel.org (open list)
